[2025-02-15 13:10:50] ERROR: SQLSTATE[42S02]: Base table or view not found: 1146 Table 'elibrary.genres' doesn't exist in C:\xampp\htdocs\elibrary\database\database.php on line 21
[2025-02-15 13:49:44] ERROR: SQLSTATE[42000]: Syntax error or access violation: 1064 You have an error in your SQL syntax; check the manual that corresponds to your MariaDB server version for the right syntax to use near ''0', '20'' at line 1 in C:\xampp\htdocs\elibrary\database\database.php on line 37
[2025-02-15 13:49:47] ERROR: SQLSTATE[42000]: Syntax error or access violation: 1064 You have an error in your SQL syntax; check the manual that corresponds to your MariaDB server version for the right syntax to use near ''0', '20'' at line 1 in C:\xampp\htdocs\elibrary\database\database.php on line 37
[2025-02-15 13:50:55] ERROR: SQLSTATE[HY093]: Invalid parameter number: number of bound variables does not match number of tokens in C:\xampp\htdocs\elibrary\database\database.php on line 37
[2025-02-15 13:50:55] ERROR: SQLSTATE[HY093]: Invalid parameter number: number of bound variables does not match number of tokens in C:\xampp\htdocs\elibrary\database\database.php on line 37
[2025-02-15 13:51:35] ERROR: SQLSTATE[42000]: Syntax error or access violation: 1064 You have an error in your SQL syntax; check the manual that corresponds to your MariaDB server version for the right syntax to use near ''0', '20'' at line 1 in C:\xampp\htdocs\elibrary\database\database.php on line 37
[2025-02-15 14:05:30] ERROR: SQLSTATE[42000]: Syntax error or access violation: 1064 You have an error in your SQL syntax; check the manual that corresponds to your MariaDB server version for the right syntax to use near '-10, 10' at line 1 in C:\xampp\htdocs\elibrary\database\database.php on line 45
[2025-02-15 14:20:02] ERROR: SQLSTATE[42000]: Syntax error or access violation: 1064 You have an error in your SQL syntax; check the manual that corresponds to your MariaDB server version for the right syntax to use near '-10, 10' at line 1 in C:\xampp\htdocs\elibrary\database\database.php on line 45
[2025-02-16 04:56:04] ERROR: SQLSTATE[42000]: Syntax error or access violation: 1064 You have an error in your SQL syntax; check the manual that corresponds to your MariaDB server version for the right syntax to use near 'GROUP BY genres.id' at line 4 in C:\xampp\htdocs\elibrary\database\database.php on line 50
[2025-02-16 05:03:14] ERROR: SQLSTATE[42000]: Syntax error or access violation: 1064 You have an error in your SQL syntax; check the manual that corresponds to your MariaDB server version for the right syntax to use near '-10, 10' at line 5 in C:\xampp\htdocs\elibrary\database\database.php on line 51
[2025-02-16 06:27:25] ERROR: SQLSTATE[42000]: Syntax error or access violation: 1064 You have an error in your SQL syntax; check the manual that corresponds to your MariaDB server version for the right syntax to use near '-10, 10' at line 5 in C:\xampp\htdocs\elibrary\database\database.php on line 51
[2025-02-16 06:58:40] ERROR: SQLSTATE[42000]: Syntax error or access violation: 1064 You have an error in your SQL syntax; check the manual that corresponds to your MariaDB server version for the right syntax to use near 'ORDER BY name asc' at line 6 in C:\xampp\htdocs\elibrary\database\database.php on line 57
[2025-02-16 06:58:47] ERROR: SQLSTATE[42000]: Syntax error or access violation: 1064 You have an error in your SQL syntax; check the manual that corresponds to your MariaDB server version for the right syntax to use near 'ORDER BY name asc' at line 6 in C:\xampp\htdocs\elibrary\database\database.php on line 57
[2025-02-16 08:34:56] ERROR: SQLSTATE[42S22]: Column not found: 1054 Unknown column 'books.is_active' in 'field list' in C:\xampp\htdocs\elibrary\database\database.php on line 161
[2025-02-16 09:47:07] ERROR: SQLSTATE[HY093]: Invalid parameter number: number of bound variables does not match number of tokens in C:\xampp\htdocs\elibrary\database\database.php on line 184
[2025-02-16 09:57:51] ERROR: SQLSTATE[42000]: Syntax error or access violation: 1064 You have an error in your SQL syntax; check the manual that corresponds to your MariaDB server version for the right syntax to use near 'LEFT JOIN genres ON genres.id = books.genre_id' at line 1 in C:\xampp\htdocs\elibrary\database\database.php on line 206
[2025-02-16 09:58:16] ERROR: SQLSTATE[23000]: Integrity constraint violation: 1052 Column 'id' in where clause is ambiguous in C:\xampp\htdocs\elibrary\database\database.php on line 206
[2025-02-16 09:58:16] ERROR: SQLSTATE[23000]: Integrity constraint violation: 1052 Column 'id' in where clause is ambiguous in C:\xampp\htdocs\elibrary\database\database.php on line 206
[2025-02-16 11:40:20] ERROR: SQLSTATE[42000]: Syntax error or access violation: 1064 You have an error in your SQL syntax; check the manual that corresponds to your MariaDB server version for the right syntax to use near 'NULL' at line 5 in C:\xampp\htdocs\elibrary\database\database.php on line 174
[2025-02-16 13:26:59] ERROR: SQLSTATE[23000]: Integrity constraint violation: 1048 Column 'code' cannot be null in C:\xampp\htdocs\elibrary\database\database.php on line 26
[2025-02-16 14:36:35] ERROR: SQLSTATE[HY093]: Invalid parameter number: number of bound variables does not match number of tokens in C:\xampp\htdocs\elibrary\database\database.php on line 257
[2025-02-16 14:43:02] ERROR: SQLSTATE[HY093]: Invalid parameter number: parameter was not defined in C:\xampp\htdocs\elibrary\database\database.php on line 287
[2025-02-16 14:44:54] ERROR: SQLSTATE[HY093]: Invalid parameter number: parameter was not defined in C:\xampp\htdocs\elibrary\database\database.php on line 287
[2025-02-16 14:44:55] ERROR: SQLSTATE[HY093]: Invalid parameter number: parameter was not defined in C:\xampp\htdocs\elibrary\database\database.php on line 287
[2025-02-16 14:44:55] ERROR: SQLSTATE[HY093]: Invalid parameter number: parameter was not defined in C:\xampp\htdocs\elibrary\database\database.php on line 287
[2025-02-16 14:44:55] ERROR: SQLSTATE[HY093]: Invalid parameter number: parameter was not defined in C:\xampp\htdocs\elibrary\database\database.php on line 287
[2025-02-17 12:15:13] ERROR: SQLSTATE[42000]: Syntax error or access violation: 1064 You have an error in your SQL syntax; check the manual that corresponds to your MariaDB server version for the right syntax to use near 'LEFT JOIN arrangements ON arrangements.id = shelves.arrangement_id' at line 2 in C:\xampp\htdocs\elibrary\database\database.php on line 304
